// Jest Snapshot v1, https://goo.gl/fbAQLP

exports[`Action: fromCBM.create admin cannot create without count: Missing param 1`] = `"Error: actionhero.errors.missingParams"`;

exports[`Action: fromCBM.create admin cannot create without distance: Missing param 1`] = `"Error: actionhero.errors.missingParams"`;

exports[`Action: fromCBM.create admin cannot create without species: Missing param 1`] = `"Error: actionhero.errors.missingParams"`;

exports[`Action: fromCBM.create birds moderator cannot create without count: Missing param 1`] = `"Error: actionhero.errors.missingParams"`;

exports[`Action: fromCBM.create birds moderator cannot create without distance: Missing param 1`] = `"Error: actionhero.errors.missingParams"`;

exports[`Action: fromCBM.create birds moderator cannot create without species: Missing param 1`] = `"Error: actionhero.errors.missingParams"`;

exports[`Action: fromCBM.create cbm moderator cannot create without count: Missing param 1`] = `"Error: actionhero.errors.missingParams"`;

exports[`Action: fromCBM.create cbm moderator cannot create without distance: Missing param 1`] = `"Error: actionhero.errors.missingParams"`;

exports[`Action: fromCBM.create cbm moderator cannot create without species: Missing param 1`] = `"Error: actionhero.errors.missingParams"`;

exports[`Action: fromCBM.create user cannot create without count: Missing param 1`] = `"Error: actionhero.errors.missingParams"`;

exports[`Action: fromCBM.create user cannot create without distance: Missing param 1`] = `"Error: actionhero.errors.missingParams"`;

exports[`Action: fromCBM.create user cannot create without species: Missing param 1`] = `"Error: actionhero.errors.missingParams"`;
